VERIFIED customer_address 1000000
VERIFIED customer_demographics 1920800
VERIFIED date_dim 73049
VERIFIED warehouse 15
VERIFIED ship_mode 20
VERIFIED time_dim 86400
VERIFIED reason 55
VERIFIED income_band 20
VERIFIED item 204000
VERIFIED store 402
VERIFIED call_center 30
VERIFIED customer 2000000
VERIFIED web_site 24
VERIFIED store_returns 9485312
VERIFIED household_demographics 0
VERIFIED web_page 0
VERIFIED promotion 0
VERIFIED catalog_page 0
VERIFIED inventory 0
VERIFIED catalog_returns 0
VERIFIED web_returns 0
VERIFIED web_sales 0
VERIFIED catalog_sales 0
VERIFIED store_sales 0
