test_concurrent_reader_and_writer (test_contract.RocksTests.test_concurrent_reader_and_writer) ... ok
test_corruption_never_authorizes_replay (test_contract.RocksTests.test_corruption_never_authorizes_replay) ... ok
test_crash_after_append_commit_recovers_wal_without_close (test_contract.RocksTests.test_crash_after_append_commit_recovers_wal_without_close) ... ok
test_crash_after_prune_commit_recovers_anchor_and_metadata (test_contract.RocksTests.test_crash_after_prune_commit_recovers_anchor_and_metadata) ... ok
test_crash_before_append_commit_retains_old_cursor (test_contract.RocksTests.test_crash_before_append_commit_retains_old_cursor) ... ok
test_crash_before_prune_commit_retains_whole_prefix (test_contract.RocksTests.test_crash_before_prune_commit_retains_whole_prefix) ... ok
test_format_identity_and_sqlite_collision_fail_closed (test_contract.RocksTests.test_format_identity_and_sqlite_collision_fail_closed) ... ok
test_group_rejection_does_not_write_any_prefix (test_contract.RocksTests.test_group_rejection_does_not_write_any_prefix) ... ok
test_one_view_pins_metadata_and_records_across_prune_append_compaction (test_contract.RocksTests.test_one_view_pins_metadata_and_records_across_prune_append_compaction) ... ok
test_only_one_reader_and_exclusive_writer (test_contract.RocksTests.test_only_one_reader_and_exclusive_writer) ... ok
test_physical_accounting_and_backpressure (test_contract.RocksTests.test_physical_accounting_and_backpressure) ... ok
test_pinned_view_resource_cycles_release_and_resume (test_contract.RocksTests.test_pinned_view_resource_cycles_release_and_resume) ... ok
test_reader_cancel_deadline_and_retained_generator_release (test_contract.RocksTests.test_reader_cancel_deadline_and_retained_generator_release) ... ok
test_replay_restart_and_prune_anchor (test_contract.RocksTests.test_replay_restart_and_prune_anchor) ... ok
test_snapshot_delayed_first_seek_still_pins_at_creation (test_contract.RocksTests.test_snapshot_delayed_first_seek_still_pins_at_creation) ... ok
test_unsafe_file_and_directory_rejected (test_contract.RocksTests.test_unsafe_file_and_directory_rejected) ... ok
test_activation_uses_worker_path_when_lifecycle_copies_binary (test_markers.MarkerTests.test_activation_uses_worker_path_when_lifecycle_copies_binary) ... ok
test_only_successful_new_durable_records_are_observed (test_markers.MarkerTests.test_only_successful_new_durable_records_are_observed) ... ok
test_partial_tail_waits_and_sequence_corruption_fails (test_markers.MarkerTests.test_partial_tail_waits_and_sequence_corruption_fails) ... ok

----------------------------------------------------------------------
Ran 19 tests in 7.651s

OK
