RESOURCE_CYCLE_FIXTURE 1
.
----------------------------------------------------------------------
Ran 1 test in 5.992s

OK
RESOURCE_CYCLE_FIXTURE 2
.
----------------------------------------------------------------------
Ran 1 test in 6.026s

OK
RESOURCE_CYCLE_FIXTURE 3
.
----------------------------------------------------------------------
Ran 1 test in 6.033s

OK
RESOURCE_CYCLE_FIXTURE 4
.
----------------------------------------------------------------------
Ran 1 test in 5.993s

OK
RESOURCE_CYCLE_FIXTURE 5
.
----------------------------------------------------------------------
Ran 1 test in 6.014s

OK
RESOURCE_CYCLE_FIXTURE 6
.
----------------------------------------------------------------------
Ran 1 test in 6.026s

OK
RESOURCE_CYCLE_FIXTURE 7
.
----------------------------------------------------------------------
Ran 1 test in 6.065s

OK
RESOURCE_CYCLE_FIXTURE 8
.
----------------------------------------------------------------------
Ran 1 test in 6.060s

OK
RESOURCE_CYCLE_FIXTURE 9
.
----------------------------------------------------------------------
Ran 1 test in 6.100s

OK
RESOURCE_CYCLE_FIXTURE 10
.
----------------------------------------------------------------------
Ran 1 test in 6.032s

OK
RESOURCE_CYCLE_FIXTURE 11
.
----------------------------------------------------------------------
Ran 1 test in 6.044s

OK
RESOURCE_CYCLE_FIXTURE 12
.
----------------------------------------------------------------------
Ran 1 test in 6.021s

OK
RESOURCE_CYCLE_FIXTURE 13
.
----------------------------------------------------------------------
Ran 1 test in 6.022s

OK
RESOURCE_CYCLE_FIXTURE 14
.
----------------------------------------------------------------------
Ran 1 test in 6.081s

OK
RESOURCE_CYCLE_FIXTURE 15
.
----------------------------------------------------------------------
Ran 1 test in 5.973s

OK
RESOURCE_CYCLE_FIXTURE 16
.
----------------------------------------------------------------------
Ran 1 test in 6.023s

OK
RESOURCE_CYCLE_FIXTURE 17
.
----------------------------------------------------------------------
Ran 1 test in 6.012s

OK
RESOURCE_CYCLE_FIXTURE 18
.
----------------------------------------------------------------------
Ran 1 test in 6.010s

OK
RESOURCE_CYCLE_FIXTURE 19
.
----------------------------------------------------------------------
Ran 1 test in 5.984s

OK
RESOURCE_CYCLE_FIXTURE 20
.
----------------------------------------------------------------------
Ran 1 test in 5.984s

OK
