test_file_gone_before_lookup_is_already_handled (test_accounting.AccountingTests.test_file_gone_before_lookup_is_already_handled) ... ok
test_foreign_ownership_is_rejected_even_after_retirement (test_accounting.AccountingTests.test_foreign_ownership_is_rejected_even_after_retirement) ... ok
test_lookup_permission_errors_are_not_hidden (test_accounting.AccountingTests.test_lookup_permission_errors_are_not_hidden) ... ok
test_real_hardlink_is_still_rejected (test_accounting.AccountingTests.test_real_hardlink_is_still_rejected) ... ok
test_retired_file_still_enforces_physical_budget (test_accounting.AccountingTests.test_retired_file_still_enforces_physical_budget) ... ok
test_retired_regular_file_is_counted_in_current_sample (test_accounting.AccountingTests.test_retired_regular_file_is_counted_in_current_sample) ... ok
test_symlink_and_directory_are_still_rejected (test_accounting.AccountingTests.test_symlink_and_directory_are_still_rejected) ... ok
test_concurrent_reader_and_writer (test_contract.RocksTests.test_concurrent_reader_and_writer) ... ok
test_corruption_never_authorizes_replay (test_contract.RocksTests.test_corruption_never_authorizes_replay) ... ok
test_crash_after_append_commit_recovers_wal_without_close (test_contract.RocksTests.test_crash_after_append_commit_recovers_wal_without_close) ... ok
test_crash_after_prune_commit_recovers_anchor_and_metadata (test_contract.RocksTests.test_crash_after_prune_commit_recovers_anchor_and_metadata) ... ok
test_crash_before_append_commit_retains_old_cursor (test_contract.RocksTests.test_crash_before_append_commit_retains_old_cursor) ... ok
test_crash_before_prune_commit_retains_whole_prefix (test_contract.RocksTests.test_crash_before_prune_commit_retains_whole_prefix) ... ok
test_format_identity_and_sqlite_collision_fail_closed (test_contract.RocksTests.test_format_identity_and_sqlite_collision_fail_closed) ... ok
test_group_rejection_does_not_write_any_prefix (test_contract.RocksTests.test_group_rejection_does_not_write_any_prefix) ... ok
test_one_view_pins_metadata_and_records_across_prune_append_compaction (test_contract.RocksTests.test_one_view_pins_metadata_and_records_across_prune_append_compaction) ... ok
test_only_one_reader_and_exclusive_writer (test_contract.RocksTests.test_only_one_reader_and_exclusive_writer) ... ok
test_physical_accounting_and_backpressure (test_contract.RocksTests.test_physical_accounting_and_backpressure) ... ok
test_pinned_view_resource_cycles_release_and_resume (test_contract.RocksTests.test_pinned_view_resource_cycles_release_and_resume) ... ok
test_reader_cancel_deadline_and_retained_generator_release (test_contract.RocksTests.test_reader_cancel_deadline_and_retained_generator_release) ... ok
test_replay_restart_and_prune_anchor (test_contract.RocksTests.test_replay_restart_and_prune_anchor) ... ok
test_snapshot_delayed_first_seek_still_pins_at_creation (test_contract.RocksTests.test_snapshot_delayed_first_seek_still_pins_at_creation) ... ok
test_unsafe_file_and_directory_rejected (test_contract.RocksTests.test_unsafe_file_and_directory_rejected) ... ok
test_activation_uses_worker_path_when_lifecycle_copies_binary (test_markers.MarkerTests.test_activation_uses_worker_path_when_lifecycle_copies_binary) ... ok
test_only_successful_new_durable_records_are_observed (test_markers.MarkerTests.test_only_successful_new_durable_records_are_observed) ... ok
test_partial_tail_waits_and_sequence_corruption_fails (test_markers.MarkerTests.test_partial_tail_waits_and_sequence_corruption_fails) ... ok
test_atomic_replacement_retries_current_authority_and_fences_revocations (test_owner_contract.RocksOwnerTests.test_atomic_replacement_retries_current_authority_and_fences_revocations) ... ok
test_bounded_materialization_stops_at_record_and_payload_limit (test_owner_contract.RocksOwnerTests.test_bounded_materialization_stops_at_record_and_payload_limit) ... ok
test_client_rejects_response_budget_corruption_and_truncation (test_owner_contract.RocksOwnerTests.test_client_rejects_response_budget_corruption_and_truncation) ... ok
test_current_control_revocation_and_retry_replacement_fence_before_response (test_owner_contract.RocksOwnerTests.test_current_control_revocation_and_retry_replacement_fence_before_response) ... ok
test_disconnect_cancels_snapshot_and_releases_lease (test_owner_contract.RocksOwnerTests.test_disconnect_cancels_snapshot_and_releases_lease) ... ok
test_exact_request_and_project_generation_authority_fences (test_owner_contract.RocksOwnerTests.test_exact_request_and_project_generation_authority_fences) ... ok
test_expired_queued_request_never_opens_snapshot (test_owner_contract.RocksOwnerTests.test_expired_queued_request_never_opens_snapshot) ... ok
test_missing_owner_defers_without_direct_database_fallback (test_owner_contract.RocksOwnerTests.test_missing_owner_defers_without_direct_database_fallback) ... ok
test_oversize_request_rejected_before_body_and_owner_remains_usable (test_owner_contract.RocksOwnerTests.test_oversize_request_rejected_before_body_and_owner_remains_usable) ... ok
test_queue_pressure_shares_deadline_and_expired_readers_open_no_snapshot (test_owner_contract.RocksOwnerTests.test_queue_pressure_shares_deadline_and_expired_readers_open_no_snapshot) ... ok
test_replacement_churn_after_payload_defers_without_completion (test_owner_contract.RocksOwnerTests.test_replacement_churn_after_payload_defers_without_completion) ... ok
test_replacement_churn_before_snapshot_is_retryable_and_owner_recovers (test_owner_contract.RocksOwnerTests.test_replacement_churn_before_snapshot_is_retryable_and_owner_recovers) ... ok
test_revocation_after_payload_requires_fenced_completion_marker (test_owner_contract.RocksOwnerTests.test_revocation_after_payload_requires_fenced_completion_marker) ... ok
test_slow_reader_holds_no_snapshot_and_shutdown_is_bounded (test_owner_contract.RocksOwnerTests.test_slow_reader_holds_no_snapshot_and_shutdown_is_bounded) ... ok
test_startup_retries_atomic_control_replacement (test_owner_contract.RocksOwnerTests.test_startup_retries_atomic_control_replacement) ... ok
test_symlink_grant_and_non_socket_endpoint_are_rejected (test_owner_contract.RocksOwnerTests.test_symlink_grant_and_non_socket_endpoint_are_rejected) ... ok

----------------------------------------------------------------------
Ran 42 tests in 16.595s

OK
