Traceback (most recent call last):
  File "/home/anibjoshi/Documents/GitHub/supabricks/platform/build/eq220/profile-plan.py", line 12, in <module>
    data=journal(config);previous=config['previous']
         ^^^^^^^^^^^^^^^
  File "/home/anibjoshi/Documents/GitHub/supabricks/platform/build/eq220/programs/releases/v0.1.0-alpha.36.eq220b/python/analytics/incremental/storage.py", line 217, in journal
    else:result=journal_attempt(request,deadline)
                ^^^^^^^^^^^^^^^^^^^^^^^^^^^^^^^^^
  File "/home/anibjoshi/Documents/GitHub/supabricks/platform/build/eq220/programs/releases/v0.1.0-alpha.36.eq220b/python/analytics/incremental/storage.py", line 248, in journal_attempt
    with snapshot(config['spool'],deadline,JOURNAL_BUSY_SECONDS) as view:
         ^^^^^^^^^^^^^^^^^^^^^^^^^^^^^^^^^^^^^^^^^^^^^^^^^^^^^^^
  File "/home/anibjoshi/Documents/GitHub/supabricks/platform/build/eq220/programs/releases/v0.1.0-alpha.36.eq220b/python/runtime/lib/python3.12/contextlib.py", line 137, in __enter__
    return next(self.gen)
           ^^^^^^^^^^^^^^
  File "/home/anibjoshi/Documents/GitHub/supabricks/platform/build/eq220/programs/releases/v0.1.0-alpha.36.eq220b/python/analytics/capture/sqlite_journal.py", line 228, in snapshot
    view=SQLiteSnapshot(path,deadline,busy_seconds,cancelled)
         ^^^^^^^^^^^^^^^^^^^^^^^^^^^^^^^^^^^^^^^^^^^^^^^^^^^^
  File "/home/anibjoshi/Documents/GitHub/supabricks/platform/build/eq220/programs/releases/v0.1.0-alpha.36.eq220b/python/analytics/capture/sqlite_journal.py", line 195, in __init__
    self.cleanup.callback(os.close,reader_lease(path))
                                   ^^^^^^^^^^^^^^^^^^
  File "/home/anibjoshi/Documents/GitHub/supabricks/platform/build/eq220/programs/releases/v0.1.0-alpha.36.eq220b/python/analytics/capture/wal.py", line 39, in reader_lease
    raise CaptureError('unsafe_spool_directory')
capture.spool.CaptureError: unsafe_spool_directory
