ATTEMPT 1
test_pinned_view_resource_cycles_release_and_resume (test_contract.RocksTests.test_pinned_view_resource_cycles_release_and_resume) ... ok

----------------------------------------------------------------------
Ran 1 test in 4.735s

OK
ATTEMPT 2
test_pinned_view_resource_cycles_release_and_resume (test_contract.RocksTests.test_pinned_view_resource_cycles_release_and_resume) ... ok

----------------------------------------------------------------------
Ran 1 test in 4.721s

OK
ATTEMPT 3
test_pinned_view_resource_cycles_release_and_resume (test_contract.RocksTests.test_pinned_view_resource_cycles_release_and_resume) ... ok

----------------------------------------------------------------------
Ran 1 test in 4.714s

OK
ATTEMPT 4
test_pinned_view_resource_cycles_release_and_resume (test_contract.RocksTests.test_pinned_view_resource_cycles_release_and_resume) ... ok

----------------------------------------------------------------------
Ran 1 test in 4.762s

OK
ATTEMPT 5
test_pinned_view_resource_cycles_release_and_resume (test_contract.RocksTests.test_pinned_view_resource_cycles_release_and_resume) ... ok

----------------------------------------------------------------------
Ran 1 test in 4.686s

OK
ATTEMPT 6
test_pinned_view_resource_cycles_release_and_resume (test_contract.RocksTests.test_pinned_view_resource_cycles_release_and_resume) ... ok

----------------------------------------------------------------------
Ran 1 test in 4.682s

OK
ATTEMPT 7
test_pinned_view_resource_cycles_release_and_resume (test_contract.RocksTests.test_pinned_view_resource_cycles_release_and_resume) ... ok

----------------------------------------------------------------------
Ran 1 test in 4.769s

OK
ATTEMPT 8
test_pinned_view_resource_cycles_release_and_resume (test_contract.RocksTests.test_pinned_view_resource_cycles_release_and_resume) ... ok

----------------------------------------------------------------------
Ran 1 test in 4.732s

OK
ATTEMPT 9
test_pinned_view_resource_cycles_release_and_resume (test_contract.RocksTests.test_pinned_view_resource_cycles_release_and_resume) ... ok

----------------------------------------------------------------------
Ran 1 test in 4.749s

OK
ATTEMPT 10
test_pinned_view_resource_cycles_release_and_resume (test_contract.RocksTests.test_pinned_view_resource_cycles_release_and_resume) ... ok

----------------------------------------------------------------------
Ran 1 test in 4.713s

OK
OBSERVATIONS []
